app/api/v1/demo/cleanup/route.ts(12,20): error TS2339: Property 'unauthorized' does not exist on type '{ unauthenticated: (msg?: string) => ApiError; forbidden: (msg?: string) => ApiError; notFound: (msg?: string) => ApiError; validation: (msg?: string, details?: unknown) => ApiError; conflict: (msg?: string) => ApiError; internal: (msg?: string) => ApiError; }'.
app/api/v1/demo/reset/route.ts(9,17): error TS2345: Argument of type '() => Promise<Response>' is not assignable to parameter of type '() => Promise<NextResponse<unknown>>'.
  Type 'Promise<Response>' is not assignable to type 'Promise<NextResponse<unknown>>'.
    Type 'Response' is missing the following properties from type 'NextResponse<unknown>': cookies, [INTERNALS]
app/api/v1/demo/reset/route.ts(15,20): error TS2339: Property 'unauthorized' does not exist on type '{ unauthenticated: (msg?: string) => ApiError; forbidden: (msg?: string) => ApiError; notFound: (msg?: string) => ApiError; validation: (msg?: string, details?: unknown) => ApiError; conflict: (msg?: string) => ApiError; internal: (msg?: string) => ApiError; }'.
app/api/v1/demo/switch-role/route.ts(17,17): error TS2345: Argument of type '() => Promise<Response>' is not assignable to parameter of type '() => Promise<NextResponse<unknown>>'.
  Type 'Promise<Response>' is not assignable to type 'Promise<NextResponse<unknown>>'.
    Type 'Response' is missing the following properties from type 'NextResponse<unknown>': cookies, [INTERNALS]
app/api/v1/demo/switch-role/route.ts(24,20): error TS2339: Property 'unauthorized' does not exist on type '{ unauthenticated: (msg?: string) => ApiError; forbidden: (msg?: string) => ApiError; notFound: (msg?: string) => ApiError; validation: (msg?: string, details?: unknown) => ApiError; conflict: (msg?: string) => ApiError; internal: (msg?: string) => ApiError; }'.
app/api/v1/demo/switch-role/route.ts(42,20): error TS2339: Property 'unauthorized' does not exist on type '{ unauthenticated: (msg?: string) => ApiError; forbidden: (msg?: string) => ApiError; notFound: (msg?: string) => ApiError; validation: (msg?: string, details?: unknown) => ApiError; conflict: (msg?: string) => ApiError; internal: (msg?: string) => ApiError; }'.
